// Jest Snapshot v1, https://goo.gl/fbAQLP

exports[`AppButton template should have disabled css attributes when button is disabled 1`] = `
<button title="title" class="app-button disabled" style="background-color: red; color: blue;">
  text
</button>
`;

exports[`AppButton template should match snapshot 1`] = `
<button class="app-button">

</button>
`;
