// Jest Snapshot v1, https://goo.gl/fbAQLP

exports[`HomeCta should match snapshot 1`] = `
<section class="links">
  <app-link-stub color="" backgroundcolor="" text="Qui sommes-nous ?" href="https://www.lescolsverts.com/collectifs/"></app-link-stub>
  <app-link-stub color="" backgroundcolor="" text="Nos dispositifs d'agriculture urbaine" href="https://www.lescolsverts.com/services/"></app-link-stub>
  <app-link-stub color="" backgroundcolor="" text="Découvrir nos actions nationales" href="https://www.lescolsverts.com/collectifs/"></app-link-stub>
  <app-link-stub color="" backgroundcolor="" text="Nos actualités" href="https://www.lescolsverts.com/blog/"></app-link-stub>
  <app-link-stub color="" backgroundcolor="" text="Nous contacter" href="https://www.lescolsverts.com/contact/"></app-link-stub>
</section>
`;
