// Jest Snapshot v1, https://goo.gl/fbAQLP

exports[`AppLink template should have disabled css attributes when button is disabled 1`] = `
<a href="/" class="link" style="background-color: red; color: blue;" isdisabled="true" title="title">
  text
</a>
`;

exports[`AppLink template should match snapshot 1`] = `
<a href="/" class="link">

</a>
`;
