// Jest Snapshot v1, https://goo.gl/fbAQLP

exports[`Home should match snapshot 1`] = `
<main class="homepage">
  <div class="map-cta">
    <homecta-stub></homecta-stub>
    <div class="map-container">
      <h2 class="map-headline">Retrouvez nos collectifs Cols verts</h2>
      <!---->
    </div>
  </div>
  <highlight-stub></highlight-stub>
  <section class="section">
    <p class="team">On ne s'est pas encore présenté...</p>
    <picture>
      <source media="(min-width:650px)" srcset="../../../static/equipe_xl.jpg"> <img src="../../../static/equipe_xs.jpg" alt="Photo d'urbains dans un jardin" style="width: auto;">
    </picture>
  </section>
</main>
`;
