// Jest Snapshot v1, https://goo.gl/fbAQLP

exports[`Home should match snapshot 1`] = `
<main class="homepage">
  <picture>
    <source media="(min-width:650px)" srcset="../../../static/agriculture_urbaine_xl.jpg"> <img src="../../../static/agriculture_urbaine_xs.jpg" alt="Photo d'urbains dans un jardin" style="width: auto;">
  </picture>
  <div class="map-cta">
    <homecta-stub></homecta-stub>
    <!---->
  </div>
  <highlight-stub></highlight-stub>
</main>
`;
